// Jest Snapshot v1, https://goo.gl/fbAQLP

exports[`CreatePost tests should match the snapshot 1`] = `
<button
  style={
    Object {
      "cursor": "pointer",
    }
  }
/>
`;
